mode: set
awesomeProject/Test/test.go:12.42,13.13 1 1
awesomeProject/Test/test.go:13.13,15.3 1 1
awesomeProject/Test/test.go:16.2,16.31 1 1
awesomeProject/Test/test.go:19.34,20.19 1 1
awesomeProject/Test/test.go:20.19,21.28 1 1
awesomeProject/Test/test.go:21.28,23.4 1 1
awesomeProject/Test/test.go:25.2,25.13 1 1
awesomeProject/Test/test.go:28.24,30.2 1 1
